
[previous exception] [object] 
(PDOException(code: HY000): 
SQLSTATE[HY000]: General 
error: 1832 Cannot change 
column 'product_id': used in 
a foreign key constraint 'stoc
k_transfers_product_id_foreign
' at C:\\xampp\\htdocs\\Bin_su
ltan_sweets\\vendor\\laravel\\
framework\\src\\Illuminate\\Da
tabase\\Connection.php:587)
[2026-03-30 15:24:55] 
local.ERROR: SQLSTATE[42S22]: 
Column not found: 1054 
Unknown column 'inward_gatepas
s_items.discount_value' in 
'field list' (Connection: 
mysql, SQL: (select 
'purchase' as source_type, 
`purchases`.`purchase_date` 
as `purchase_date`, 
`purchases`.`invoice_no`, 
`vendors`.`name` as 
`vendor_name`, 
`products`.`item_code`, 
`products`.`item_name`, 
`purchase_items`.`qty`, 
`purchase_items`.`unit`, 
`purchase_items`.`price`, `pur
chase_items`.`item_discount`, 
`purchase_items`.`line_total`,
 `purchases`.`subtotal`, 
`purchases`.`discount`, 
`purchases`.`extra_cost`, 
`purchases`.`net_amount`, 
`purchases`.`paid_amount`, 
`purchases`.`due_amount` from 
`purchases` left join 
`purchase_items` on 
`purchases`.`id` = `purchase_i
tems`.`purchase_id` left join 
`products` on 
`purchase_items`.`product_id` 
= `products`.`id` left join 
`vendors` on 
`purchases`.`vendor_id` = 
`vendors`.`id` where 
`purchases`.`purchase_date` 
between 2026-03-30 and 
2026-03-30) union all (select 
'inward' as source_type, `inwa
rd_gatepasses`.`gatepass_date`
 as `purchase_date`, `inward_g
atepasses`.`invoice_no`, 
`vendors`.`name` as 
`vendor_name`, 
`products`.`item_code`, 
`products`.`item_name`, `inwar
d_gatepass_items`.`qty`, 
products.unit_id as unit, COAL
ESCE(inward_gatepass_items.pri
ce, products.wholesale_price) 
as price, `inward_gatepass_ite
ms`.`discount_value` as 
`item_discount`, ((COALESCE(in
ward_gatepass_items.price, 
products.wholesale_price) - CO
ALESCE(inward_gatepass_items.d
iscount_value, 0)) * 
inward_gatepass_items.qty) as 
line_total, `inward_gatepasses
`.`subtotal`, `inward_gatepass
es`.`discount`, `inward_gatepa
sses`.`extra_cost`, `inward_ga
tepasses`.`net_amount`, `inwar
d_gatepasses`.`paid_amount`, `
inward_gatepasses`.`due_amount
` from `inward_gatepasses` 
left join 
`inward_gatepass_items` on 
`inward_gatepasses`.`id` = `in
ward_gatepass_items`.`inward_g
atepass_id` left join 
`products` on `inward_gatepass
_items`.`product_id` = 
`products`.`id` left join 
`vendors` on `inward_gatepasse
s`.`vendor_id` = 
`vendors`.`id` where 
`inward_gatepasses`.`status` 
= linked and `inward_gatepasse
s`.`bill_status` = billed and 
`inward_gatepasses`.`gatepass_
date` between 2026-03-30 and 
2026-03-30) order by 
`purchase_date` desc, 
`invoice_no` desc) {"userId":1
,"exception":"[object] (Illumi
nate\\Database\\QueryException
(code: 42S22): 
SQLSTATE[42S22]: Column not 
found: 1054 Unknown column 'in
ward_gatepass_items.discount_v
alue' in 'field list' 
(Connection: mysql, SQL: 
(select 'purchase' as 
source_type, 
`purchases`.`purchase_date` 
as `purchase_date`, 
`purchases`.`invoice_no`, 
`vendors`.`name` as 
`vendor_name`, 
`products`.`item_code`, 
`products`.`item_name`, 
`purchase_items`.`qty`, 
`purchase_items`.`unit`, 
`purchase_items`.`price`, `pur
chase_items`.`item_discount`, 
`purchase_items`.`line_total`,
 `purchases`.`subtotal`, 
`purchases`.`discount`, 
`purchases`.`extra_cost`, 
`purchases`.`net_amount`, 
`purchases`.`paid_amount`, 
`purchases`.`due_amount` from 
`purchases` left join 
`purchase_items` on 
`purchases`.`id` = `purchase_i
tems`.`purchase_id` left join 
`products` on 
`purchase_items`.`product_id` 
= `products`.`id` left join 
`vendors` on 
`purchases`.`vendor_id` = 
`vendors`.`id` where 
`purchases`.`purchase_date` 
between 2026-03-30 and 
2026-03-30) union all (select 
'inward' as source_type, `inwa
rd_gatepasses`.`gatepass_date`
 as `purchase_date`, `inward_g
atepasses`.`invoice_no`, 
`vendors`.`name` as 
`vendor_name`, 
`products`.`item_code`, 
`products`.`item_name`, `inwar
d_gatepass_items`.`qty`, 
products.unit_id as unit, COAL
ESCE(inward_gatepass_items.pri
ce, products.wholesale_price) 
as price, `inward_gatepass_ite
ms`.`discount_value` as 
`item_discount`, ((COALESCE(in
ward_gatepass_items.price, 
products.wholesale_price) - CO
ALESCE(inward_gatepass_items.d
iscount_value, 0)) * 
inward_gatepass_items.qty) as 
line_total, `inward_gatepasses
`.`subtotal`, `inward_gatepass
es`.`discount`, `inward_gatepa
sses`.`extra_cost`, `inward_ga
tepasses`.`net_amount`, `inwar
d_gatepasses`.`paid_amount`, `
inward_gatepasses`.`due_amount
` from `inward_gatepasses` 
left join 
`inward_gatepass_items` on 
`inward_gatepasses`.`id` = `in
ward_gatepass_items`.`inward_g
atepass_id` left join 
`products` on `inward_gatepass
_items`.`product_id` = 
`products`.`id` left join 
`vendors` on `inward_gatepasse
s`.`vendor_id` = 
`vendors`.`id` where 
`inward_gatepasses`.`status` 
= linked and `inward_gatepasse
s`.`bill_status` = billed and 
`inward_gatepasses`.`gatepass_
date` between 2026-03-30 and 
2026-03-30) order by 
`purchase_date` desc, 
`invoice_no` desc) at C:\\xamp
p\\htdocs\\Bin_sultan_sweets\\
vendor\\laravel\\framework\\sr
c\\Illuminate\\Database\\Conne
ction.php:829)
[previous exception] [object] 
(PDOException(code: 42S22): 
SQLSTATE[42S22]: Column not 
found: 1054 Unknown column 'in
ward_gatepass_items.discount_v
alue' in 'field list' at C:\\x
ampp\\htdocs\\Bin_sultan_sweet
s\\vendor\\laravel\\framework\
\src\\Illuminate\\Database\\Co
nnection.php:423)
[2026-03-30 15:24:59] 
local.ERROR: SQLSTATE[42S22]: 
Column not found: 1054 
Unknown column 'inward_gatepas
s_items.discount_value' in 
'field list' (Connection: 
mysql, SQL: (select 
'purchase' as source_type, 
`purchases`.`purchase_date` 
as `purchase_date`, 
`purchases`.`invoice_no`, 
`vendors`.`name` as 
`vendor_name`, 
`products`.`item_code`, 
`products`.`item_name`, 
`purchase_items`.`qty`, 
`purchase_items`.`unit`, 
`purchase_items`.`price`, `pur
chase_items`.`item_discount`, 
`purchase_items`.`line_total`,
 `purchases`.`subtotal`, 
`purchases`.`discount`, 
`purchases`.`extra_cost`, 
`purchases`.`net_amount`, 
`purchases`.`paid_amount`, 
`purchases`.`due_amount` from 
`purchases` left join 
`purchase_items` on 
`purchases`.`id` = `purchase_i
tems`.`purchase_id` left join 
`products` on 
`purchase_items`.`product_id` 
= `products`.`id` left join 
`vendors` on 
`purchases`.`vendor_id` = 
`vendors`.`id` where 
`purchases`.`purchase_date` 
between 2026-03-01 and 
2026-03-30) union all (select 
'inward' as source_type, `inwa
rd_gatepasses`.`gatepass_date`
 as `purchase_date`, `inward_g
atepasses`.`invoice_no`, 
`vendors`.`name` as 
`vendor_name`, 
`products`.`item_code`, 
`products`.`item_name`, `inwar
d_gatepass_items`.`qty`, 
products.unit_id as unit, COAL
ESCE(inward_gatepass_items.pri
ce, products.wholesale_price) 
as price, `inward_gatepass_ite
ms`.`discount_value` as 
`item_discount`, ((COALESCE(in
ward_gatepass_items.price, 
products.wholesale_price) - CO
ALESCE(inward_gatepass_items.d
iscount_value, 0)) * 
inward_gatepass_items.qty) as 
line_total, `inward_gatepasses
`.`subtotal`, `inward_gatepass
es`.`discount`, `inward_gatepa
sses`.`extra_cost`, `inward_ga
tepasses`.`net_amount`, `inwar
d_gatepasses`.`paid_amount`, `
inward_gatepasses`.`due_amount
` from `inward_gatepasses` 
left join 
`inward_gatepass_items` on 
`inward_gatepasses`.`id` = `in
ward_gatepass_items`.`inward_g
atepass_id` left join 
`products` on `inward_gatepass
_items`.`product_id` = 
`products`.`id` left join 
`vendors` on `inward_gatepasse
s`.`vendor_id` = 
`vendors`.`id` where 
`inward_gatepasses`.`status` 
= linked and `inward_gatepasse
s`.`bill_status` = billed and 
`inward_gatepasses`.`gatepass_
date` between 2026-03-01 and 
2026-03-30) order by 
`purchase_date` desc, 
`invoice_no` desc) {"userId":1
,"exception":"[object] (Illumi
nate\\Database\\QueryException
(code: 42S22): 
SQLSTATE[42S22]: Column not 
found: 1054 Unknown column 'in
ward_gatepass_items.discount_v
alue' in 'field list' 
(Connection: mysql, SQL: 
(select 'purchase' as 
source_type, 
`purchases`.`purchase_date` 
as `purchase_date`, 
`purchases`.`invoice_no`, 
`vendors`.`name` as 
`vendor_name`, 
`products`.`item_code`, 
`products`.`item_name`, 
`purchase_items`.`qty`, 
`purchase_items`.`unit`, 
`purchase_items`.`price`, `pur
chase_items`.`item_discount`, 
`purchase_items`.`line_total`,
 `purchases`.`subtotal`, 
`purchases`.`discount`, 
`purchases`.`extra_cost`, 
`purchases`.`net_amount`, 
`purchases`.`paid_amount`, 
`purchases`.`due_amount` from 
`purchases` left join 
`purchase_items` on 
`purchases`.`id` = `purchase_i
tems`.`purchase_id` left join 
`products` on 
`purchase_items`.`product_id` 
= `products`.`id` left join 
`vendors` on 
`purchases`.`vendor_id` = 
`vendors`.`id` where 
`purchases`.`purchase_date` 
between 2026-03-01 and 
2026-03-30) union all (select 
'inward' as source_type, `inwa
rd_gatepasses`.`gatepass_date`
 as `purchase_date`, `inward_g
atepasses`.`invoice_no`, 
`vendors`.`name` as 
`vendor_name`, 
`products`.`item_code`, 
`products`.`item_name`, `inwar
d_gatepass_items`.`qty`, 
products.unit_id as unit, COAL
ESCE(inward_gatepass_items.pri
ce, products.wholesale_price) 
as price, `inward_gatepass_ite
ms`.`discount_value` as 
`item_discount`, ((COALESCE(in
ward_gatepass_items.price, 
products.wholesale_price) - CO
ALESCE(inward_gatepass_items.d
iscount_value, 0)) * 
inward_gatepass_items.qty) as 
line_total, `inward_gatepasses
`.`subtotal`, `inward_gatepass
es`.`discount`, `inward_gatepa
sses`.`extra_cost`, `inward_ga
tepasses`.`net_amount`, `inwar
d_gatepasses`.`paid_amount`, `
inward_gatepasses`.`due_amount
` from `inward_gatepasses` 
left join 
`inward_gatepass_items` on 
`inward_gatepasses`.`id` = `in
ward_gatepass_items`.`inward_g
atepass_id` left join 
`products` on `inward_gatepass
_items`.`product_id` = 
`products`.`id` left join 
`vendors` on `inward_gatepasse
s`.`vendor_id` = 
`vendors`.`id` where 
`inward_gatepasses`.`status` 
= linked and `inward_gatepasse
s`.`bill_status` = billed and 
`inward_gatepasses`.`gatepass_
date` between 2026-03-01 and 
2026-03-30) order by 
`purchase_date` desc, 
`invoice_no` desc) at C:\\xamp
p\\htdocs\\Bin_sultan_sweets\\
vendor\\laravel\\framework\\sr
c\\Illuminate\\Database\\Conne
ction.php:829)
[previous exception] [object] 
(PDOException(code: 42S22): 
SQLSTATE[42S22]: Column not 
found: 1054 Unknown column 'in
ward_gatepass_items.discount_v
alue' in 'field list' at C:\\x
ampp\\htdocs\\Bin_sultan_sweet
s\\vendor\\laravel\\framework\
\src\\Illuminate\\Database\\Co
nnection.php:423)


